// Jest Snapshot v1, https://goo.gl/fbAQLP

exports[`Store filtro geral Citrus sinensis mudas SP->ES 1`] = `
Array [
  Object {
    "desc": "DE UF com ocorrência de Greening PARA UF reconhecida pelo MAPA como livre da ocorrência de Greening",
    "dest": Array [
      "AC",
      "AL",
      "AM",
      "AP",
      "BA",
      "CE",
      "DF",
      "ES",
      "GO",
      "MA",
      "MS",
      "MT",
      "PA",
      "PB",
      "PE",
      "PI",
      "RJ",
      "RN",
      "RO",
      "RR",
      "RS",
      "SC",
      "SE",
      "TO",
    ],
    "exig": Array [
      "PTV; 
 Obs.: Partida apreendida pela fiscalização de defesa sanitária vegetal, em
desacordo com o previsto nesta Instrução Normativa, será sumariamente destruída, não cabendo ao infrator qualquer tipo de indenização, sem prejuízo das demais sanções estabelecidas pela legislação estadual e federal de defesa sanitária vegetal, conforme o art. 5º, da Instrução Normativa MAPA nº. 53, de 16 de outubro de 2010.",
    ],
    "files": Array [
      Object {
        "leg": "Instrução Normativa nº 53, de 16 de outubro de 2008",
        "link": "IN53-2008.pdf",
      },
    ],
    "hosp": Array [
      "Citrus spp.",
      "Fortunella spp.",
      "Poncirus spp.",
      "Murraya paniculata",
    ],
    "orig": Array [
      "MG",
      "PR",
      "SP",
    ],
    "part": Array [
      "mudas",
      "estacas",
      "gemas",
      "ramas",
      "raízes",
      "material de propagação",
      "plantas",
    ],
    "prag": "Candidatus liberibacter americanus e Candidatus liberibacter asiaticus",
    "pragc": "GREENING",
  },
  Object {
    "desc": "DE Área de Sistema de Manejo de Risco (SMR) de Cancro Cítrico PARA qualquer UF",
    "dest": Array [
      "AC",
      "AL",
      "AM",
      "AP",
      "BA",
      "CE",
      "DF",
      "ES",
      "GO",
      "MA",
      "MG",
      "MS",
      "MT",
      "PA",
      "PB",
      "PE",
      "PI",
      "PR",
      "RJ",
      "RN",
      "RO",
      "RR",
      "RS",
      "SC",
      "SE",
      "SP",
      "TO",
    ],
    "exig": Array [
      "PTV com a seguinte DA: \\"O material de propagação é proveniente de Área sob SMR, se encontra livre de Cancro Cítrico (Xanthomonas citri subsp. citri) e foi produzido conforme preconiza a legislação específica em vigor\\".",
    ],
    "files": Array [
      Object {
        "leg": "Instrução Normativa nº 21, de 25 de abril de 2018",
        "link": "IN21-2018.pdf",
      },
    ],
    "hosp": Array [
      "Citrus spp.",
      "Fortunella spp.",
      "Poncirus spp.",
    ],
    "orig": Array [
      "MT",
      "MS",
      "RS",
      "SP",
      "SC",
    ],
    "part": Array [
      "material de propagação",
      "mudas",
      "estacas",
      "gemas",
      "plantas",
    ],
    "prag": "Xanthomonas citri subsp. citri",
    "pragc": "CANCRO CÍTRICO",
  },
]
`;
